// Jest Snapshot v1, https://goo.gl/fbAQLP

exports[`<RoundupTile /> renders and matches snapshot 1`] = `
<div>
  <article
    aria-label="Available Points"
    class="css-view-175oi2r r-aspectRatio-1ujkv8a r-borderRadius-y47klf r-height-1pi2tsx r-overflow-1udh08x r-position-bnwqim r-width-13qz1uu"
    role="article"
    style="background-color: rgb(248, 247, 252); flex-direction: column; justify-content: flex-start; align-items: stretch;"
  >
    <div
      aria-label="Roundup tile image for Available Points"
      class="css-view-175oi2r r-alignItems-1awozwy r-backgroundColor-16o1091 r-height-rxcuwo r-justifyContent-1777fci r-marginBottom-6gpygo r-overflow-1udh08x r-width-13qz1uu"
      data-testid="roundup-tile-media"
      role="img"
    >
      <div
        class="css-view-175oi2r r-flexBasis-1mlwlqe r-overflow-1udh08x r-zIndex-417010 r-height-1pi2tsx r-position-u8s1d r-width-13qz1uu"
      >
        <div
          class="css-view-175oi2r r-backgroundColor-1niwhzg r-backgroundPosition-vvn4in r-backgroundRepeat-u6sd8q r-bottom-1p0dtai r-height-1pi2tsx r-left-1d2f490 r-position-u8s1d r-right-zchlnj r-top-ipm5af r-width-13qz1uu r-zIndex-1wyyakw r-backgroundSize-4gszlv"
          style="background-image: url(https://example.com/points.png);"
        />
        <img
          alt=""
          class="css-accessibilityImage-9pa8cd"
          draggable="false"
          src="https://example.com/points.png"
        />
      </div>
    </div>
    <div
      class="css-view-175oi2r r-alignItems-1awozwy r-flexDirection-18u37iz r-justifyContent-1wtj0ep r-paddingInline-3o4zer r-width-13qz1uu"
    >
      <div
        class="css-view-175oi2r r-alignItems-1awozwy r-flexDirection-18u37iz r-justifyContent-1h0z5md r-width-13qz1uu"
      >
        <div
          class="css-view-175oi2r r-alignItems-1habvwh r-flexDirection-eqz5dr r-justifyContent-1h0z5md r-flexGrow-16y2uox"
        >
          <div
            aria-label="Available Points"
            class="css-text-146c3p1 r-fontFamily-lhg2x6"
            data-testid="roundup-tile-title"
            dir="auto"
            style="color: rgb(0, 0, 0); font-size: 14px; margin-bottom: 8px;"
          >
            Available Points
          </div>
          <article
            aria-label="Amount: 1000"
            class="css-view-175oi2r"
            data-testid="roundup-tile-amount"
            role="article"
          >
            <div
              class="css-view-175oi2r r-alignItems-1awozwy r-flexDirection-18u37iz r-justifyContent-1h0z5md"
            >
              <div
                class="css-text-146c3p1 r-fontFamily-lhg2x6"
                data-testid="roundup-tile-value"
                dir="auto"
                style="color: rgb(57, 46, 215); font-weight: bold; font-size: 24px;"
              >
                1000
              </div>
            </div>
          </article>
        </div>
        <div
          class="css-view-175oi2r r-justifyContent-1h0z5md r-alignItems-1awozwy r-flexDirection-18u37iz"
        />
      </div>
    </div>
  </article>
</div>
`;
