// Jest Snapshot v1, https://goo.gl/fbAQLP

exports[`<SectionHeader /> matches snapshot 1`] = `
<div>
  <div
    class="css-view-175oi2r r-marginBottom-ku1wi2"
  >
    <div
      class="css-text-146c3p1 r-fontFamily-lhg2x6 r-fontSize-1x35g6 r-marginBottom-5oul0u"
      dir="auto"
      style="font-weight: 700; color: rgb(0, 0, 0);"
    >
      Test
    </div>
    <div
      class="css-text-146c3p1 r-fontFamily-lhg2x6 r-fontSize-1i10wst"
      dir="auto"
      style="color: rgba(0, 0, 0, 0.8);"
    >
      This is a test
    </div>
  </div>
</div>
`;
