// Jest Snapshot v1, https://goo.gl/fbAQLP

exports[`<RewardTile /> renders and matches snapshot 1`] = `
<div>
  <button
    aria-label="undefined"
    class="css-view-175oi2r r-cursor-1loqt21 r-touchAction-1otgn73 r-aspectRatio-1ujkv8a r-borderRadius-y47klf r-height-1pi2tsx r-overflow-1udh08x r-position-bnwqim r-width-13qz1uu"
    role="button"
    style="background-color: rgb(248, 247, 252); opacity: 1; flex-direction: column; justify-content: flex-start; align-items: stretch;"
    tabindex="0"
    type="button"
  >
    <div
      class="css-view-175oi2r r-marginBottom-6gpygo r-width-13qz1uu"
      data-testid="reward-tile-media"
      style="flex-basis: 50%;"
    >
      <div
        class="css-view-175oi2r r-alignItems-1awozwy r-justifyContent-1777fci r-bottom-1p0dtai r-height-1pi2tsx r-left-1d2f490 r-position-u8s1d r-right-zchlnj r-top-ipm5af r-width-13qz1uu"
        style="background-color: rgba(57, 46, 215, 0.2);"
      >
        <div
          class="css-view-175oi2r r-bottom-1p0dtai r-left-1d2f490 r-position-u8s1d r-right-zchlnj r-top-ipm5af"
          style="background-color: rgba(57, 46, 215, 0.2); opacity: 1;"
        />
        <div
          aria-label="Reward image for Sweet Chilli Lobster Noodles"
          class="css-view-175oi2r r-flexBasis-1mlwlqe r-overflow-1udh08x r-zIndex-417010 r-bottom-1p0dtai r-left-1d2f490 r-position-u8s1d r-right-zchlnj r-top-ipm5af"
          style="opacity: 0;"
        >
          <div
            class="css-view-175oi2r r-backgroundColor-1niwhzg r-backgroundPosition-vvn4in r-backgroundRepeat-u6sd8q r-bottom-1p0dtai r-height-1pi2tsx r-left-1d2f490 r-position-u8s1d r-right-zchlnj r-top-ipm5af r-width-13qz1uu r-zIndex-1wyyakw r-backgroundSize-4gszlv"
            style="background-image: url(https://ucarecdn.com/a486d015-b4ab-4831-bfa5-68f5bbbf63b1/);"
          />
          <img
            alt="Reward image for Sweet Chilli Lobster Noodles"
            class="css-accessibilityImage-9pa8cd"
            draggable="false"
            src="https://ucarecdn.com/a486d015-b4ab-4831-bfa5-68f5bbbf63b1/"
          />
        </div>
      </div>
    </div>
    <div
      class="css-view-175oi2r r-alignItems-1habvwh r-flex-13awgt0 r-flexDirection-eqz5dr r-justifyContent-1h0z5md r-paddingBottom-kzbkwu r-paddingInline-3o4zer"
    >
      <div
        class="css-view-175oi2r r-alignItems-1awozwy r-flexDirection-18u37iz r-justifyContent-1wtj0ep r-marginBottom-5oul0u r-width-13qz1uu"
      >
        <div
          aria-label="Reward title: Sweet Chilli Lobster Noodles"
          class="css-text-146c3p1 r-maxWidth-dnmrzs r-overflow-1udh08x r-textOverflow-1udbk01 r-whiteSpace-3s2u2q r-wordWrap-1iln25a"
          data-testid="reward-tile-title"
          dir="auto"
          style="color: rgb(0, 0, 0); font-size: 24px; font-weight: bold;"
        >
          Sweet Chilli Lobster Noodles
        </div>
        <div
          class="css-view-175oi2r"
        >
          <svg
            class="lucide lucide-chevron-right"
            fill="none"
            height="24"
            stroke="hsl(0, 0%, 20%)"
            stroke-linecap="round"
            stroke-linejoin="round"
            stroke-width="2"
            viewBox="0 0 24 24"
            width="24"
            xmlns="http://www.w3.org/2000/svg"
          >
            <path
              d="m9 18 6-6-6-6"
            />
          </svg>
        </div>
      </div>
      <div
        aria-label="Fresh Lobster Noodles with a spicy chilli sauce"
        class="css-view-175oi2r"
      >
        <div
          class="css-text-146c3p1"
          data-testid="reward-tile-summary"
          dir="auto"
          style="color: rgb(51, 51, 51); font-size: 14px;"
        >
          Fresh Lobster Noodles with a spicy chilli sauce
        </div>
      </div>
    </div>
  </button>
</div>
`;
