// Jest Snapshot v1, https://goo.gl/fbAQLP

exports[`<BadgeTile /> matches snapshot 1`] = `
<div>
  <button
    aria-disabled="true"
    aria-label="Tile"
    class="css-view-175oi2r r-pointerEvents-12vffkv r-aspectRatio-1ujkv8a r-borderRadius-y47klf r-height-1pi2tsx r-overflow-1udh08x r-position-bnwqim r-width-13qz1uu"
    disabled=""
    role="button"
    style="background-color: rgb(248, 247, 252); opacity: 1; flex-direction: column; justify-content: flex-start; align-items: stretch;"
    tabindex="-1"
    type="button"
  >
    <div
      class="css-view-175oi2r r-alignItems-1awozwy r-flexBasis-1t2qqvi r-justifyContent-1777fci r-marginBottom-1ifxtd0 r-position-bnwqim"
      data-testid="badge-tile-media"
    >
      <div
        class="css-view-175oi2r r-alignItems-1awozwy r-justifyContent-1777fci r-position-bnwqim r-height-1pi2tsx r-width-13qz1uu"
        style="background-color: rgba(57, 46, 215, 0.2);"
      >
        <div
          class="css-view-175oi2r r-bottom-1p0dtai r-left-1d2f490 r-position-u8s1d r-right-zchlnj r-top-ipm5af"
          style="background-color: rgba(57, 46, 215, 0.2); opacity: 1;"
        />
        <div
          aria-label="Badge Top Spender (not earned)"
          class="css-view-175oi2r r-flexBasis-1mlwlqe r-overflow-1udh08x r-zIndex-417010 r-bottom-1p0dtai r-left-1d2f490 r-position-u8s1d r-right-zchlnj r-top-ipm5af"
          style="opacity: 0;"
        >
          <div
            class="css-view-175oi2r r-backgroundColor-1niwhzg r-backgroundPosition-vvn4in r-backgroundRepeat-u6sd8q r-bottom-1p0dtai r-height-1pi2tsx r-left-1d2f490 r-position-u8s1d r-right-zchlnj r-top-ipm5af r-width-13qz1uu r-zIndex-1wyyakw r-backgroundSize-ehq7j7"
            style="background-image: url(https://ucarecdn.com/3d3731b2-faec-4779-9cd8-3691631d280c/);"
          />
          <img
            alt="Badge Top Spender (not earned)"
            class="css-accessibilityImage-9pa8cd"
            draggable="false"
            src="https://ucarecdn.com/3d3731b2-faec-4779-9cd8-3691631d280c/"
          />
        </div>
      </div>
    </div>
    <div
      class="css-view-175oi2r r-alignItems-1habvwh r-flex-13awgt0 r-flexDirection-eqz5dr r-justifyContent-1wtj0ep r-paddingBottom-kzbkwu r-paddingInline-3o4zer"
    >
      <div
        aria-label="Badge title: You haven't earned any badges yet."
        class="css-view-175oi2r"
        data-testid="badge-tile-title"
      >
        <div
          class="css-text-146c3p1 r-WebkitBoxOrient-8akbws r-display-krxsd3 r-maxWidth-dnmrzs r-overflow-1udh08x r-textOverflow-1udbk01 r-marginBottom-5oul0u"
          dir="auto"
          style="font-family: -apple-system,BlinkMacSystemFont,Segoe UI,Roboto,Oxygen-Sans,Ubuntu,Cantarell,Helvetica Neue,sans-serif; color: rgb(0, 0, 0); font-size: 24px; font-weight: bold;"
        >
          You haven't earned any badges yet.
        </div>
      </div>
      <div
        class="css-view-175oi2r"
        style="flex: 1;"
      />
    </div>
  </button>
</div>
`;
