// Jest Snapshot v1, https://goo.gl/fbAQLP

exports[`<RewardCategoryTile /> renders and matches snapshot 1`] = `
<div>
  <button
    aria-label="Tile"
    class="css-view-175oi2r r-cursor-1loqt21 r-touchAction-1otgn73 r-aspectRatio-1ujkv8a r-borderRadius-y47klf r-height-1pi2tsx r-overflow-1udh08x r-position-bnwqim r-width-13qz1uu"
    role="button"
    style="background-color: rgb(248, 247, 252); opacity: 1; flex-direction: column; justify-content: flex-start; align-items: stretch;"
    tabindex="0"
    type="button"
  >
    <h1
      aria-label="Reward category: Restaurant Rewards"
      class="css-view-175oi2r r-alignItems-1awozwy r-height-17sp8yy r-justifyContent-1777fci r-left-1d2f490 r-position-u8s1d r-right-zchlnj r-top-ipm5af r-zIndex-mhe3cw"
      data-testid="reward-category-header"
      role="heading"
      style="background-color: rgb(57, 46, 215);"
    >
      <div
        class="css-text-146c3p1 r-maxWidth-dnmrzs r-overflow-1udh08x r-textOverflow-1udbk01 r-whiteSpace-3s2u2q r-wordWrap-1iln25a r-fontSize-ubezar r-paddingInline-1rds9hb"
        dir="auto"
        style="font-family: -apple-system,BlinkMacSystemFont,Segoe UI,Roboto,Oxygen-Sans,Ubuntu,Cantarell,Helvetica Neue,sans-serif; color: rgb(255, 255, 255);"
      >
        Restaurant Rewards
      </div>
    </h1>
    <div
      class="css-view-175oi2r r-alignItems-1awozwy r-justifyContent-1777fci r-height-1pi2tsx r-objectFit-1t7uo4s r-position-u8s1d r-width-13qz1uu"
      style="background-color: rgba(57, 46, 215, 0.2);"
    >
      <div
        class="css-view-175oi2r r-bottom-1p0dtai r-left-1d2f490 r-position-u8s1d r-right-zchlnj r-top-ipm5af"
        style="background-color: rgba(57, 46, 215, 0.2); opacity: 1;"
      />
      <div
        aria-label="Reward category image for Restaurant Rewards"
        class="css-view-175oi2r r-flexBasis-1mlwlqe r-overflow-1udh08x r-zIndex-417010 r-bottom-1p0dtai r-left-1d2f490 r-position-u8s1d r-right-zchlnj r-top-ipm5af"
        data-testid="reward-category-media"
        role="img"
        style="opacity: 0;"
      >
        <div
          class="css-view-175oi2r r-backgroundColor-1niwhzg r-backgroundPosition-vvn4in r-backgroundRepeat-u6sd8q r-bottom-1p0dtai r-height-1pi2tsx r-left-1d2f490 r-position-u8s1d r-right-zchlnj r-top-ipm5af r-width-13qz1uu r-zIndex-1wyyakw r-backgroundSize-4gszlv"
          style="background-image: url(https://images.pexels.com/photos/1850595/pexels-photo-1850595.jpeg?auto=compress&cs=tinysrgb&w=1260&h=750&dpr=2);"
        />
        <img
          alt="Reward category image for Restaurant Rewards"
          class="css-accessibilityImage-9pa8cd"
          draggable="false"
          src="https://images.pexels.com/photos/1850595/pexels-photo-1850595.jpeg?auto=compress&cs=tinysrgb&w=1260&h=750&dpr=2"
        />
      </div>
    </div>
  </button>
</div>
`;
