// Jest Snapshot v1, https://goo.gl/fbAQLP

exports[`<Section/> matches snapshot 1`] = `
<div>
  <div
    aria-label="Section: Elite Member Benefits"
    class="css-view-175oi2r r-marginBottom-1c6w074 r-marginInline-f8sm7e r-maxWidth-q90dru r-width-13qz1uu"
  >
    <div
      class="css-view-175oi2r"
    >
      <div
        class="css-view-175oi2r r-marginBottom-1ifxtd0"
      >
        <div
          class="css-text-146c3p1 r-fontSize-1ui5ee8 r-marginBottom-5oul0u"
          dir="auto"
          style="font-weight: 700; color: rgb(0, 0, 0);"
        >
          Elite Member Benefits
        </div>
      </div>
      <div
        class="css-view-175oi2r r-flexDirection-18u37iz r-flexWrap-1w6e6rj r-justifyContent-1wtj0ep r-width-13qz1uu"
      >
        <div
          class="css-view-175oi2r"
          style="width: calc(50% - 8px); margin-bottom: 16px; height: auto;"
        >
          <div
            class="css-view-175oi2r r-flex-13awgt0 r-flexDirection-eqz5dr r-height-1pi2tsx r-width-13qz1uu"
            data-testid="tile-container"
          >
            <div
              class="css-view-175oi2r r-flexBasis-1fq43b1 r-flexGrow-16y2uox r-flexShrink-1wbh5a2 r-width-13qz1uu"
            >
              <button
                aria-disabled="true"
                aria-label="Welcome to Platinum Status"
                class="css-view-175oi2r r-pointerEvents-12vffkv r-aspectRatio-1ujkv8a r-borderRadius-y47klf r-height-1pi2tsx r-overflow-1udh08x r-position-bnwqim r-width-13qz1uu"
                disabled=""
                role="button"
                style="background-color: rgb(248, 247, 252); opacity: 1; flex-direction: column; justify-content: flex-start; align-items: stretch;"
                tabindex="-1"
                type="button"
              >
                <button
                  aria-disabled="true"
                  aria-label="Welcome to Platinum Status"
                  class="css-view-175oi2r r-pointerEvents-12vffkv r-aspectRatio-1ujkv8a r-borderRadius-y47klf r-height-1pi2tsx r-overflow-1udh08x r-position-bnwqim r-width-13qz1uu"
                  disabled=""
                  role="button"
                  style="background-color: rgb(248, 247, 252); opacity: 1; flex-direction: column; justify-content: flex-start; align-items: stretch;"
                  tabindex="-1"
                  type="button"
                >
                  <div
                    class="css-view-175oi2r r-alignItems-1awozwy r-height-1pi2tsx r-justifyContent-1777fci r-position-bnwqim r-flexBasis-1t2qqvi r-objectFit-1t7uo4s r-width-13qz1uu"
                    style="background-color: rgba(57, 46, 215, 0.2);"
                  >
                    <div
                      class="css-view-175oi2r r-bottom-1p0dtai r-left-1d2f490 r-position-u8s1d r-right-zchlnj r-top-ipm5af"
                      style="background-color: rgba(57, 46, 215, 0.2); opacity: 1;"
                    />
                    <div
                      aria-label="Content image for Welcome to Platinum Status"
                      class="css-view-175oi2r r-flexBasis-1mlwlqe r-overflow-1udh08x r-zIndex-417010 r-bottom-1p0dtai r-left-1d2f490 r-position-u8s1d r-right-zchlnj r-top-ipm5af"
                      data-testid="tile-media"
                      role="img"
                      style="opacity: 0;"
                    >
                      <div
                        class="css-view-175oi2r r-backgroundColor-1niwhzg r-backgroundPosition-vvn4in r-backgroundRepeat-u6sd8q r-bottom-1p0dtai r-height-1pi2tsx r-left-1d2f490 r-position-u8s1d r-right-zchlnj r-top-ipm5af r-width-13qz1uu r-zIndex-1wyyakw r-backgroundSize-4gszlv"
                        style="background-image: url(https://ucarecdn.com/b129c5c2-08fd-4962-83b1-5c35301148c1/);"
                      />
                      <img
                        alt="Content image for Welcome to Platinum Status"
                        class="css-accessibilityImage-9pa8cd"
                        draggable="false"
                        src="https://ucarecdn.com/b129c5c2-08fd-4962-83b1-5c35301148c1/"
                      />
                    </div>
                  </div>
                  <div
                    class="css-view-175oi2r r-display-6koalj"
                    data-testid="tile-content"
                    role="presentation"
                    style="justify-content: center;"
                  >
                    <div
                      class="css-view-175oi2r r-flex-13awgt0 r-justifyContent-1777fci r-paddingInline-3o4zer"
                    >
                      <h1
                        class="css-view-175oi2r"
                        data-testid="tile-header"
                        role="heading"
                        style="margin-bottom: 8px; margin-top: 12px; flex-direction: row; align-items: center; justify-content: space-between;"
                      >
                        <h1
                          aria-label="Welcome to Platinum Status"
                          class="css-text-146c3p1 r-maxWidth-dnmrzs r-overflow-1udh08x r-textOverflow-1udbk01 r-whiteSpace-3s2u2q r-wordWrap-1iln25a"
                          data-testid="tile-title"
                          dir="auto"
                          role="heading"
                          style="color: rgb(0, 0, 0); font-size: 24px; font-weight: bold;"
                        >
                          Welcome to Platinum Status
                        </h1>
                      </h1>
                      <div
                        aria-label="Enjoy premium benefits including priority check-in, lounge access, and complimentary upgrades. Your elite journey begins here."
                        class="css-text-146c3p1 r-WebkitBoxOrient-8akbws r-display-krxsd3 r-maxWidth-dnmrzs r-overflow-1udh08x r-textOverflow-1udbk01"
                        data-testid="tile-body"
                        dir="auto"
                        style="color: rgb(51, 51, 51); font-size: 14px;"
                      >
                        Enjoy premium benefits including priority check-in, lounge access, and complimentary upgrades. Your elite journey begins here.
                      </div>
                    </div>
                  </div>
                </button>
              </button>
            </div>
          </div>
        </div>
      </div>
    </div>
  </div>
</div>
`;
